exports[`GitRepoItem should render full html structure correctly 1`] = `
<tr
  className={undefined}
  style={
    Object {
      "borderBottom": "1px solid #e0e0e0",
      "color": "rgba(0, 0, 0, 0.87)",
      "height": 48,
      "muiPrepared": true,
    }
  }>
  <td
    className={undefined}
    onClick={[Function]}
    onMouseEnter={[Function]}
    onMouseLeave={[Function]}
    style={
      Object {
        "backgroundColor": "inherit",
        "fontSize": 13,
        "height": 48,
        "muiPrepared": true,
        "overflow": "hidden",
        "paddingLeft": 24,
        "paddingRight": 24,
        "textAlign": "left",
        "textOverflow": "ellipsis",
        "whiteSpace": "nowrap",
      }
    }>
    foo
  </td>
  <td
    className={undefined}
    onClick={[Function]}
    onMouseEnter={[Function]}
    onMouseLeave={[Function]}
    style={
      Object {
        "backgroundColor": "inherit",
        "fontSize": 13,
        "height": 48,
        "muiPrepared": true,
        "overflow": "hidden",
        "paddingLeft": 24,
        "paddingRight": 24,
        "textAlign": "left",
        "textOverflow": "ellipsis",
        "whiteSpace": "nowrap",
      }
    }>
    100
  </td>
  <td
    className={undefined}
    onClick={[Function]}
    onMouseEnter={[Function]}
    onMouseLeave={[Function]}
    style={
      Object {
        "backgroundColor": "inherit",
        "fontSize": 13,
        "height": 48,
        "muiPrepared": true,
        "overflow": "hidden",
        "paddingLeft": 24,
        "paddingRight": 24,
        "textAlign": "left",
        "textOverflow": "ellipsis",
        "whiteSpace": "nowrap",
      }
    }>
    100
  </td>
  <td
    className={undefined}
    onClick={[Function]}
    onMouseEnter={[Function]}
    onMouseLeave={[Function]}
    style={
      Object {
        "backgroundColor": "inherit",
        "fontSize": 13,
        "height": 48,
        "muiPrepared": true,
        "overflow": "hidden",
        "paddingLeft": 24,
        "paddingRight": 24,
        "textAlign": "left",
        "textOverflow": "ellipsis",
        "whiteSpace": "nowrap",
      }
    }>
    10
  </td>
  <td
    className={undefined}
    onClick={[Function]}
    onMouseEnter={[Function]}
    onMouseLeave={[Function]}
    style={
      Object {
        "backgroundColor": "inherit",
        "fontSize": 13,
        "height": 48,
        "muiPrepared": true,
        "overflow": "hidden",
        "paddingLeft": 24,
        "paddingRight": 24,
        "textAlign": "left",
        "textOverflow": "ellipsis",
        "whiteSpace": "nowrap",
      }
    }>
    <a
      onClick={[Function]}
      style={Object {}}>
      Current PRs
    </a>
  </td>
</tr>
`;
